[shreethemes.in/orderit/layouts/index.html]
[backblue.gif]
[fade.gif]
[index.html]
[shreethemes.in/orderit/layouts/assets/images/favicon.ico]
[shreethemes.in/orderit/layouts/assets/libs/tiny-slider/tiny-slider.css]
[shreethemes.in/orderit/layouts/assets/css/bootstrap.min.css]
[shreethemes.in/orderit/layouts/assets/libs/remixicon/fonts/remixicon.css]
[shreethemes.in/orderit/layouts/assets/css/style.min.css]
[shreethemes.in/orderit/layouts/assets/images/logo-dark.png]
[shreethemes.in/orderit/layouts/assets/images/logo-light.png]
[shreethemes.in/orderit/layouts/assets/images/dishes/chicken-nuggets-with-french-fries.jpg]
[shreethemes.in/orderit/layouts/assets/images/dishes/farfalle-pasta-with-meatballs.jpg]
[shreethemes.in/orderit/layouts/assets/images/dishes/delicious-burger.jpg]
[shreethemes.in/orderit/layouts/assets/images/client/1.jpg]
[shreethemes.in/orderit/layouts/index-two.html]
[shreethemes.in/orderit/layouts/index-three.html]
[shreethemes.in/orderit/layouts/shop-menu.html]
[shreethemes.in/orderit/layouts/shop-item-detail.html]
[shreethemes.in/orderit/layouts/shop-cart.html]
[shreethemes.in/orderit/layouts/shop-checkouts.html]
[shreethemes.in/orderit/layouts/shop-myaccount.html]
[shreethemes.in/orderit/layouts/offers.html]
[shreethemes.in/orderit/layouts/restaurants.html]
[shreethemes.in/orderit/layouts/single-restaurant.html]
[shreethemes.in/orderit/layouts/blogs.html]
[shreethemes.in/orderit/layouts/blog-sidebar.html]
[shreethemes.in/orderit/layouts/blog-detail.html]
[shreethemes.in/orderit/layouts/login.html]
[shreethemes.in/orderit/layouts/signup.html]
[shreethemes.in/orderit/layouts/forgot-password.html]
[shreethemes.in/orderit/layouts/comingsoon.html]
[shreethemes.in/orderit/layouts/maintenance.html]
[shreethemes.in/orderit/layouts/error.html]
[shreethemes.in/orderit/layouts/contactus.html]
[shreethemes.in/orderit/layouts/assets/images/bg/bg1.png]
[shreethemes.in/orderit/layouts/assets/images/dishes/delicious-cake.jpg]
[shreethemes.in/orderit/layouts/assets/images/dishes/delicious-pasta.jpg]
[shreethemes.in/orderit/layouts/assets/images/dishes/delicious-pizza.jpg]
[shreethemes.in/orderit/layouts/assets/images/dishes/egg-fries-plate.jpg]
[shreethemes.in/orderit/layouts/assets/images/dishes/maxican-food-tacos.jpg]
[shreethemes.in/orderit/layouts/assets/images/dishes/pakistan-goodies.jpg]
[shreethemes.in/orderit/layouts/assets/images/dishes/sushi-rolls.jpg]
[shreethemes.in/orderit/layouts/assets/images/blog/12.jpg]
[shreethemes.in/orderit/layouts/assets/images/blog/13.jpg]
[shreethemes.in/orderit/layouts/assets/images/blog/14.jpg]
[shreethemes.in/orderit/layouts/assets/images/blog/15.jpg]
[shreethemes.in/orderit/layouts/assets/images/blog/16.jpg]
[shreethemes.in/orderit/layouts/assets/images/blog/3.jpg]
[shreethemes.in/orderit/layouts/assets/images/blog/4.jpg]
[shreethemes.in/orderit/layouts/assets/images/blog/5.jpg]
[shreethemes.in/orderit/layouts/assets/images/bg/cta1.png]
[shreethemes.in/orderit/layouts/assets/images/dishes/chocolate-tart.jpg]
[shreethemes.in/orderit/layouts/assets/images/dishes/fried-eggs.jpg]
[shreethemes.in/orderit/layouts/assets/images/dishes/guacamole.jpg]
[shreethemes.in/orderit/layouts/assets/images/playstore.png]
[shreethemes.in/orderit/layouts/assets/images/appstore.png]
[shreethemes.in/orderit/layouts/assets/libs/bootstrap/js/bootstrap.bundle.min.js]
[shreethemes.in/orderit/layouts/assets/libs/tiny-slider/min/tiny-slider.js]
[shreethemes.in/orderit/layouts/assets/js/plugins.init.js]
[shreethemes.in/orderit/layouts/assets/js/app.js]
[shreethemes.in/orderit/layouts/index.html]
[shreethemes.in/orderit/layouts/assets/libs/tiny-slider/tiny-slider.css]
[shreethemes.in/orderit/layouts/assets/css/bootstrap.min.css]
[shreethemes.in/orderit/layouts/assets/libs/remixicon/fonts/remixicon9711.eot]
[shreethemes.in/orderit/layouts/assets/libs/remixicon/fonts/remixicon9711.woff2]
[shreethemes.in/orderit/layouts/assets/libs/remixicon/fonts/remixicon9711.woff]
[shreethemes.in/orderit/layouts/assets/libs/remixicon/fonts/remixicon9711.ttf]
[shreethemes.in/orderit/layouts/assets/libs/remixicon/fonts/remixicon.css]
[shreethemes.in/orderit/layouts/assets/css/style.min.css]
[shreethemes.in/orderit/layouts/assets/images/bg/bg.jpg]
[shreethemes.in/orderit/layouts/assets/images/dishes/tasty-baked-chicken-legs.jpg]
[shreethemes.in/orderit/layouts/assets/images/blog/1.jpg]
[shreethemes.in/orderit/layouts/assets/images/blog/2.jpg]
[shreethemes.in/orderit/layouts/index-two.html]
[shreethemes.in/orderit/layouts/assets/libs/swiper/swiper-bundle.min.css]
[shreethemes.in/orderit/layouts/assets/images/bg/bg2.jpg]
[shreethemes.in/orderit/layouts/assets/images/bg/pages.jpg]
[shreethemes.in/orderit/layouts/index-three.html]
[shreethemes.in/orderit/layouts/assets/libs/swiper/swiper-bundle.min.js]
[shreethemes.in/orderit/layouts/assets/images/dishes/meatball-pasta.jpg]
[shreethemes.in/orderit/layouts/shop-menu.html]
[shreethemes.in/orderit/layouts/shop-item-detail.html]
[shreethemes.in/orderit/layouts/shop-cart.html]
[shreethemes.in/orderit/layouts/shop-checkouts.html]
[shreethemes.in/orderit/layouts/shop-myaccount.html]
[shreethemes.in/orderit/layouts/assets/libs/tobii/css/tobii.min.css]
[shreethemes.in/orderit/layouts/assets/libs/tobii/js/tobii.min.js]
[shreethemes.in/orderit/layouts/offers.html]
[shreethemes.in/orderit/layouts/assets/images/blog/11.jpg]
[shreethemes.in/orderit/layouts/restaurants.html]
[shreethemes.in/orderit/layouts/assets/images/menu1.jpg]
[shreethemes.in/orderit/layouts/assets/images/menu2.jpg]
[shreethemes.in/orderit/layouts/assets/images/menu3.jpg]
[shreethemes.in/orderit/layouts/assets/images/menu4.jpg]
[shreethemes.in/orderit/layouts/single-restaurant.html]
[shreethemes.in/orderit/layouts/assets/images/blog/6.jpg]
[shreethemes.in/orderit/layouts/assets/images/blog/7.jpg]
[shreethemes.in/orderit/layouts/assets/images/blog/8.jpg]
[shreethemes.in/orderit/layouts/assets/images/blog/9.jpg]
[shreethemes.in/orderit/layouts/assets/images/blog/10.jpg]
[shreethemes.in/orderit/layouts/blogs.html]
[shreethemes.in/orderit/layouts/blog-sidebar.html]
[shreethemes.in/orderit/layouts/assets/images/client/2.jpg]
[shreethemes.in/orderit/layouts/assets/images/client/3.jpg]
[shreethemes.in/orderit/layouts/blog-detail.html]
[shreethemes.in/orderit/layouts/login.html]
[shreethemes.in/orderit/layouts/signup.html]
[shreethemes.in/orderit/layouts/forgot-password.html]
[shreethemes.in/orderit/layouts/comingsoon.html]
[shreethemes.in/orderit/layouts/maintenance.html]
[shreethemes.in/orderit/layouts/error.html]
[shreethemes.in/orderit/layouts/contactus.html]
[shreethemes.in/orderit/layouts/assets/libs/remixicon/fonts/remixicon9711.svg]
[shreethemes.in/orderit/layouts/assets/libs/swiper/swiper-bundle.min.css]
[shreethemes.in/orderit/layouts/menu.html]
[shreethemes.in/orderit/layouts/assets/libs/tobii/css/tobii.min.css]
[shreethemes.in/orderit/layouts/assets/images/svg/falling.svg]
